[0.009s][info][gc] Using Parallel
[1.144s][info][gc] GC(0) Pause Young (Allocation Failure) 3M->1M(11M) 2.326ms
[14.518s][info][gc] GC(1) Pause Young (Allocation Failure) 4M->4M(11M) 1.831ms
[14.523s][info][gc] GC(2) Pause Young (Allocation Failure) 7M->4M(11M) 0.861ms
[14.535s][info][gc] GC(3) Pause Young (Allocation Failure) 7M->4M(11M) 1.405ms
[14.541s][info][gc] GC(4) Pause Young (Allocation Failure) 7M->4M(11M) 1.326ms
[14.546s][info][gc] GC(5) Pause Young (Allocation Failure) 7M->4M(10M) 1.114ms
[14.550s][info][gc] GC(6) Pause Young (Allocation Failure) 6M->5M(11M) 1.439ms
[14.553s][info][gc] GC(7) Pause Young (Allocation Failure) 7M->5M(11M) 0.380ms
[14.556s][info][gc] GC(8) Pause Young (Allocation Failure) 7M->5M(11M) 0.383ms
[14.563s][info][gc] GC(9) Pause Young (Allocation Failure) 7M->5M(11M) 0.489ms
[14.566s][info][gc] GC(10) Pause Young (Allocation Failure) 7M->5M(11M) 0.463ms
[14.569s][info][gc] GC(11) Pause Young (Allocation Failure) 7M->5M(11M) 0.293ms
[14.571s][info][gc] GC(12) Pause Young (Allocation Failure) 7M->5M(11M) 0.496ms
[526.829s][info][gc] GC(13) Pause Young (Allocation Failure) 7M->5M(11M) 0.329ms
[896.255s][info][gc] GC(14) Pause Young (Allocation Failure) 7M->6M(11M) 0.493ms
